	linux-vdso.so.1 (0x00007fffe3fad000)
	libignition-gazebo6.so.6 => /lib/x86_64-linux-gnu/libignition-gazebo6.so.6 (0x0000750cfba00000)
	libdart.so.6.12 => /lib/x86_64-linux-gnu/libdart.so.6.12 (0x0000750cfb400000)
	libignition-plugin1-loader.so.1 => /lib/x86_64-linux-gnu/libignition-plugin1-loader.so.1 (0x0000750cfc37f000)
	libignition-physics5.so.5 => /lib/x86_64-linux-gnu/libignition-physics5.so.5 (0x0000750cfc374000)
	libignition-plugin1.so.1 => /lib/x86_64-linux-gnu/libignition-plugin1.so.1 (0x0000750cfc369000)
	libignition-common4-events.so.4 => /lib/x86_64-linux-gnu/libignition-common4-events.so.4 (0x0000750cfc345000)
	libignition-common4-graphics.so.4 => /lib/x86_64-linux-gnu/libignition-common4-graphics.so.4 (0x0000750cfbd40000)
	libignition-common4.so.4 => /lib/x86_64-linux-gnu/libignition-common4.so.4 (0x0000750cfc2e4000)
	libignition-msgs8.so.8 => /lib/x86_64-linux-gnu/libignition-msgs8.so.8 (0x0000750cfb000000)
	libsdformat12.so.12 => /lib/x86_64-linux-gnu/libsdformat12.so.12 (0x0000750cfac00000)
	libignition-math6.so.6 => /lib/x86_64-linux-gnu/libignition-math6.so.6 (0x0000750cfb9ad000)
	libprotobuf.so.23 => /lib/x86_64-linux-gnu/libprotobuf.so.23 (0x0000750cfa800000)
	libjsoncpp.so.25 => /lib/x86_64-linux-gnu/libjsoncpp.so.25 (0x0000750cfbd0b000)
	libstdc++.so.6 => /lib/x86_64-linux-gnu/libstdc++.so.6 (0x0000750cfa400000)
	libm.so.6 => /lib/x86_64-linux-gnu/libm.so.6 (0x0000750cfaf19000)
	libgcc_s.so.1 => /lib/x86_64-linux-gnu/libgcc_s.so.1 (0x0000750cfb98d000)
	libc.so.6 => /lib/x86_64-linux-gnu/libc.so.6 (0x0000750cfa000000)
	libignition-fuel_tools7.so.7 => /lib/x86_64-linux-gnu/libignition-fuel_tools7.so.7 (0x0000750cfae92000)
	libignition-transport11-parameters.so.11 => /lib/x86_64-linux-gnu/libignition-transport11-parameters.so.11 (0x0000750cfb953000)
	libignition-transport11.so.11 => /lib/x86_64-linux-gnu/libignition-transport11.so.11 (0x0000750cfab83000)
	libtinyxml2.so.9 => /lib/x86_64-linux-gnu/libtinyxml2.so.9 (0x0000750cfb3e8000)
	/lib64/ld-linux-x86-64.so.2 (0x0000750cfc3c1000)
	libdart-external-odelcpsolver.so.6.12 => /lib/x86_64-linux-gnu/libdart-external-odelcpsolver.so.6.12 (0x0000750cfc2d3000)
	libboost_filesystem.so.1.74.0 => /lib/x86_64-linux-gnu/libboost_filesystem.so.1.74.0 (0x0000750cfb3c8000)
	liboctomap.so.1.9 => /opt/ros/humble/lib/x86_64-linux-gnu/liboctomap.so.1.9 (0x0000750cfae56000)
	libfcl.so.0.7 => /lib/x86_64-linux-gnu/libfcl.so.0.7 (0x0000750cf9a00000)
	libassimp.so.5 => /lib/x86_64-linux-gnu/libassimp.so.5 (0x0000750cf9200000)
	liboctomath.so.1.9 => /opt/ros/humble/lib/x86_64-linux-gnu/liboctomath.so.1.9 (0x0000750cfc2c9000)
	libgts-0.7.so.5 => /lib/x86_64-linux-gnu/libgts-0.7.so.5 (0x0000750cfab23000)
	libfreeimage.so.3 => /lib/x86_64-linux-gnu/libfreeimage.so.3 (0x0000750cfa74c000)
	libglib-2.0.so.0 => /lib/x86_64-linux-gnu/libglib-2.0.so.0 (0x0000750cfa2c5000)
	libuuid.so.1 => /lib/x86_64-linux-gnu/libuuid.so.1 (0x0000750cfb948000)
	libz.so.1 => /lib/x86_64-linux-gnu/libz.so.1 (0x0000750cfb3ac000)
	libyaml-0.so.2 => /lib/x86_64-linux-gnu/libyaml-0.so.2 (0x0000750cfab02000)
	libzip.so.4 => /lib/x86_64-linux-gnu/libzip.so.4 (0x0000750cfaae4000)
	libcurl.so.4 => /lib/x86_64-linux-gnu/libcurl.so.4 (0x0000750cfa6a5000)
	libzmq.so.5 => /lib/x86_64-linux-gnu/libzmq.so.5 (0x0000750cfa229000)
	libccd.so.2 => /lib/x86_64-linux-gnu/libccd.so.2 (0x0000750cfb3a0000)
	libdraco.so.4 => /lib/x86_64-linux-gnu/libdraco.so.4 (0x0000750cf8e00000)
	libminizip.so.1 => /lib/x86_64-linux-gnu/libminizip.so.1 (0x0000750cf8a00000)
	libjxrglue.so.0 => /lib/x86_64-linux-gnu/libjxrglue.so.0 (0x0000750cfa682000)
	libjpeg.so.8 => /lib/x86_64-linux-gnu/libjpeg.so.8 (0x0000750cf997f000)
	libopenjp2.so.7 => /lib/x86_64-linux-gnu/libopenjp2.so.7 (0x0000750cf91a8000)
	libpng16.so.16 => /lib/x86_64-linux-gnu/libpng16.so.16 (0x0000750cfa647000)
	libraw.so.20 => /lib/x86_64-linux-gnu/libraw.so.20 (0x0000750cf90a0000)
	libtiff.so.5 => /lib/x86_64-linux-gnu/libtiff.so.5 (0x0000750cf8d77000)
	libwebpmux.so.3 => /lib/x86_64-linux-gnu/libwebpmux.so.3 (0x0000750cfaad7000)
	libwebp.so.7 => /lib/x86_64-linux-gnu/libwebp.so.7 (0x0000750cf8d0a000)
	libIlmImf-2_5.so.25 => /lib/x86_64-linux-gnu/libIlmImf-2_5.so.25 (0x0000750cf8600000)
	libHalf-2_5.so.25 => /lib/x86_64-linux-gnu/libHalf-2_5.so.25 (0x0000750cf8cc5000)
	libIex-2_5.so.25 => /lib/x86_64-linux-gnu/libIex-2_5.so.25 (0x0000750cf8c57000)
	libpcre.so.3 => /lib/x86_64-linux-gnu/libpcre.so.3 (0x0000750cf898a000)
	libbz2.so.1.0 => /lib/x86_64-linux-gnu/libbz2.so.1.0 (0x0000750cfaac4000)
	libcrypto.so.3 => /lib/x86_64-linux-gnu/libcrypto.so.3 (0x0000750cf8000000)
	libnghttp2.so.14 => /lib/x86_64-linux-gnu/libnghttp2.so.14 (0x0000750cf9955000)
	libidn2.so.0 => /lib/x86_64-linux-gnu/libidn2.so.0 (0x0000750cf9fdf000)
	librtmp.so.1 => /lib/x86_64-linux-gnu/librtmp.so.1 (0x0000750cf9081000)
	libssh.so.4 => /lib/x86_64-linux-gnu/libssh.so.4 (0x0000750cf891c000)
	libpsl.so.5 => /lib/x86_64-linux-gnu/libpsl.so.5 (0x0000750cfa633000)
	libssl.so.3 => /lib/x86_64-linux-gnu/libssl.so.3 (0x0000750cf855b000)
	libgssapi_krb5.so.2 => /lib/x86_64-linux-gnu/libgssapi_krb5.so.2 (0x0000750cf8507000)
	libldap-2.5.so.0 => /lib/x86_64-linux-gnu/libldap-2.5.so.0 (0x0000750cf84a7000)
	liblber-2.5.so.0 => /lib/x86_64-linux-gnu/liblber-2.5.so.0 (0x0000750cf9070000)
	libzstd.so.1 => /lib/x86_64-linux-gnu/libzstd.so.1 (0x0000750cf7f31000)
	libbrotlidec.so.1 => /lib/x86_64-linux-gnu/libbrotlidec.so.1 (0x0000750cf9947000)
	libbsd.so.0 => /lib/x86_64-linux-gnu/libbsd.so.0 (0x0000750cf8c3f000)
	libsodium.so.23 => /lib/x86_64-linux-gnu/libsodium.so.23 (0x0000750cf8450000)
	libpgm-5.3.so.0 => /lib/x86_64-linux-gnu/libpgm-5.3.so.0 (0x0000750cf7ee0000)
	libnorm.so.1 => /lib/x86_64-linux-gnu/libnorm.so.1 (0x0000750cf7db5000)
	libjpegxr.so.0 => /lib/x86_64-linux-gnu/libjpegxr.so.0 (0x0000750cf88e5000)
	liblcms2.so.2 => /lib/x86_64-linux-gnu/liblcms2.so.2 (0x0000750cf7d53000)
	libgomp.so.1 => /lib/x86_64-linux-gnu/libgomp.so.1 (0x0000750cf7d09000)
	liblzma.so.5 => /lib/x86_64-linux-gnu/liblzma.so.5 (0x0000750cf8c14000)
	libjbig.so.0 => /lib/x86_64-linux-gnu/libjbig.so.0 (0x0000750cf88d4000)
	libdeflate.so.0 => /lib/x86_64-linux-gnu/libdeflate.so.0 (0x0000750cf7ce5000)
	libImath-2_5.so.25 => /lib/x86_64-linux-gnu/libImath-2_5.so.25 (0x0000750cf7ccd000)
	libIlmThread-2_5.so.25 => /lib/x86_64-linux-gnu/libIlmThread-2_5.so.25 (0x0000750cf8446000)
	libunistring.so.2 => /lib/x86_64-linux-gnu/libunistring.so.2 (0x0000750cf7b23000)
	libgnutls.so.30 => /lib/x86_64-linux-gnu/libgnutls.so.30 (0x0000750cf7936000)
	libhogweed.so.6 => /lib/x86_64-linux-gnu/libhogweed.so.6 (0x0000750cf78ee000)
	libnettle.so.8 => /lib/x86_64-linux-gnu/libnettle.so.8 (0x0000750cf78a8000)
	libgmp.so.10 => /lib/x86_64-linux-gnu/libgmp.so.10 (0x0000750cf7826000)
	libkrb5.so.3 => /lib/x86_64-linux-gnu/libkrb5.so.3 (0x0000750cf775b000)
	libk5crypto.so.3 => /lib/x86_64-linux-gnu/libk5crypto.so.3 (0x0000750cf772c000)
	libcom_err.so.2 => /lib/x86_64-linux-gnu/libcom_err.so.2 (0x0000750cfa62d000)
	libkrb5support.so.0 => /lib/x86_64-linux-gnu/libkrb5support.so.0 (0x0000750cf771e000)
	libsasl2.so.2 => /lib/x86_64-linux-gnu/libsasl2.so.2 (0x0000750cf7703000)
	libbrotlicommon.so.1 => /lib/x86_64-linux-gnu/libbrotlicommon.so.1 (0x0000750cf76e0000)
	libmd.so.0 => /lib/x86_64-linux-gnu/libmd.so.0 (0x0000750cf76d3000)
	libpthread.so.0 => /lib/x86_64-linux-gnu/libpthread.so.0 (0x0000750cf8c0f000)
	libp11-kit.so.0 => /lib/x86_64-linux-gnu/libp11-kit.so.0 (0x0000750cf7598000)
	libtasn1.so.6 => /lib/x86_64-linux-gnu/libtasn1.so.6 (0x0000750cf7580000)
	libkeyutils.so.1 => /lib/x86_64-linux-gnu/libkeyutils.so.1 (0x0000750cf7579000)
	libresolv.so.2 => /lib/x86_64-linux-gnu/libresolv.so.2 (0x0000750cf7566000)
	libffi.so.8 => /lib/x86_64-linux-gnu/libffi.so.8 (0x0000750cf7559000)
