Running main() from /opt/ros/humble/src/gtest_vendor/src/gtest_main.cc
[==========] Running 9 tests from 1 test suite.
[----------] Global test environment set-up.
[----------] 9 tests from TaskIntentModel
[ RUN      ] TaskIntentModel.CanonicalHashGoldenIsStableAcrossYamlFormatting
[       OK ] TaskIntentModel.CanonicalHashGoldenIsStableAcrossYamlFormatting (11 ms)
[ RUN      ] TaskIntentModel.CanonicalRepresentationPreservesScalarTypesAndArrayOrder
[       OK ] TaskIntentModel.CanonicalRepresentationPreservesScalarTypesAndArrayOrder (7 ms)
[ RUN      ] TaskIntentModel.ParsesTheTypedV2AuthoredShape
[       OK ] TaskIntentModel.ParsesTheTypedV2AuthoredShape (0 ms)
[ RUN      ] TaskIntentModel.NullableAndVariableLengthValuesRemainSemantic
[       OK ] TaskIntentModel.NullableAndVariableLengthValuesRemainSemantic (1 ms)
[ RUN      ] TaskIntentModel.AuthoritativeHashRequiresValidatedModel
[       OK ] TaskIntentModel.AuthoritativeHashRequiresValidatedModel (32 ms)
[ RUN      ] TaskIntentModel.InvalidV2NeverGetsAuthoritativeHash
[       OK ] TaskIntentModel.InvalidV2NeverGetsAuthoritativeHash (0 ms)
[ RUN      ] TaskIntentModel.SharedGoldenFixturesMatchCanonicalBytesAndHashes
[       OK ] TaskIntentModel.SharedGoldenFixturesMatchCanonicalBytesAndHashes (10 ms)
[ RUN      ] TaskIntentModel.PresenceAndPoseScalarParity
[       OK ] TaskIntentModel.PresenceAndPoseScalarParity (82 ms)
[ RUN      ] TaskIntentModel.FieldEditsPreserveUneditedValuesAndInvalidateHash
[       OK ] TaskIntentModel.FieldEditsPreserveUneditedValuesAndInvalidateHash (57 ms)
[----------] 9 tests from TaskIntentModel (201 ms total)

[----------] Global test environment tear-down
[==========] 9 tests from 1 test suite ran. (201 ms total)
[  PASSED  ] 9 tests.
