Running main() from /opt/ros/humble/src/gtest_vendor/src/gtest_main.cc
[==========] Running 15 tests from 1 test suite.
[----------] Global test environment set-up.
[----------] 15 tests from TaskIntentEditor
[ RUN      ] TaskIntentEditor.WidgetEditsAtomicSaveAndReopenPreserveHashAndBindings
Warning: Ignoring XDG_SESSION_TYPE=wayland on Gnome. Use QT_QPA_PLATFORM=wayland to run on Wayland anyway.
[       OK ] TaskIntentEditor.WidgetEditsAtomicSaveAndReopenPreserveHashAndBindings (591 ms)
[ RUN      ] TaskIntentEditor.InvalidExactRemainsUnchangedAndBlocksAfterReopen
[       OK ] TaskIntentEditor.InvalidExactRemainsUnchangedAndBlocksAfterReopen (486 ms)
[ RUN      ] TaskIntentEditor.MalformedInputAndExternalChangesCannotSilentlySave
[       OK ] TaskIntentEditor.MalformedInputAndExternalChangesCannotSilentlySave (315 ms)
[ RUN      ] TaskIntentEditor.ExistingNewCellWizardCreatesEditableV2DraftWithoutFileRepair
[       OK ] TaskIntentEditor.ExistingNewCellWizardCreatesEditableV2DraftWithoutFileRepair (12044 ms)
[ RUN      ] TaskIntentEditor.PolicyChangesAndAdvancedFieldsKeepAuthoredConstraints
[       OK ] TaskIntentEditor.PolicyChangesAndAdvancedFieldsKeepAuthoredConstraints (508 ms)
[ RUN      ] TaskIntentEditor.CreateDiscoverOpenAcrossSeparateSceneRoots
Workcell Studio scene metadata snapshot: scene_id=created revision=6444631000234361907 files_parsed=1 cache_hits=0 invalidation_reason=initial
Workcell Studio scene metadata snapshot: scene_id=existing revision=3362262537298435441 files_parsed=1 cache_hits=0 invalidation_reason=initial
Workcell Studio scene metadata snapshot: scene_id=created revision=15011011316253628312 files_parsed=7 cache_hits=0 invalidation_reason=initial
[       OK ] TaskIntentEditor.CreateDiscoverOpenAcrossSeparateSceneRoots (11224 ms)
[ RUN      ] TaskIntentEditor.CreateDiscoverOpenThroughNormalAlias
Workcell Studio scene metadata snapshot: scene_id=created revision=5254510371861757565 files_parsed=7 cache_hits=0 invalidation_reason=initial
Workcell Studio scene metadata snapshot: scene_id=existing revision=9914518166930413627 files_parsed=1 cache_hits=0 invalidation_reason=initial
[       OK ] TaskIntentEditor.CreateDiscoverOpenThroughNormalAlias (11245 ms)
[ RUN      ] TaskIntentEditor.CreateDiscoverOpenThroughCustomOutput
Workcell Studio scene metadata snapshot: scene_id=created revision=13565759231566409528 files_parsed=7 cache_hits=0 invalidation_reason=initial
Workcell Studio scene metadata snapshot: scene_id=created revision=6237671075197239843 files_parsed=1 cache_hits=0 invalidation_reason=initial
Workcell Studio scene metadata snapshot: scene_id=existing revision=16282228547779319869 files_parsed=1 cache_hits=0 invalidation_reason=initial
[       OK ] TaskIntentEditor.CreateDiscoverOpenThroughCustomOutput (10999 ms)
[ RUN      ] TaskIntentEditor.SaveFailureDoesNotPublishCellOrClaimCreation
[       OK ] TaskIntentEditor.SaveFailureDoesNotPublishCellOrClaimCreation (143 ms)
[ RUN      ] TaskIntentEditor.TaskPersistenceFailureLeavesNoPartialScene
[       OK ] TaskIntentEditor.TaskPersistenceFailureLeavesNoPartialScene (236 ms)
[ RUN      ] TaskIntentEditor.CancelSceneSwitchPreservesUnsavedDraft
This plugin does not support propagateSizeHints()
[       OK ] TaskIntentEditor.CancelSceneSwitchPreservesUnsavedDraft (161 ms)
[ RUN      ] TaskIntentEditor.ExternalChangeBlocksValidationAndCleanReopenReloads
[       OK ] TaskIntentEditor.ExternalChangeBlocksValidationAndCleanReopenReloads (315 ms)
[ RUN      ] TaskIntentEditor.RefreshPreservesDirtyDraftWhenDiskChanges
[       OK ] TaskIntentEditor.RefreshPreservesDirtyDraftWhenDiskChanges (302 ms)
[ RUN      ] TaskIntentEditor.CanonicalSceneSaveCloseReopenPreservesPhysicalTruth
This plugin does not support propagateSizeHints()
[       OK ] TaskIntentEditor.CanonicalSceneSaveCloseReopenPreservesPhysicalTruth (921 ms)
[ RUN      ] TaskIntentEditor.SaveAndDiscardSceneSwitchDecisionsAreHonored
This plugin does not support propagateSizeHints()
This plugin does not support propagateSizeHints()
[       OK ] TaskIntentEditor.SaveAndDiscardSceneSwitchDecisionsAreHonored (1301 ms)
[----------] 15 tests from TaskIntentEditor (50793 ms total)

[----------] Global test environment tear-down
[==========] 15 tests from 1 test suite ran. (50793 ms total)
[  PASSED  ] 15 tests.
