Warning: Ignoring XDG_SESSION_TYPE=wayland on Gnome. Use QT_QPA_PLATFORM=wayland to run on Wayland anyway.
Workcell Studio scene metadata snapshot: scene_id=ur5_2f_sorting_test revision=501670335545525034 files_parsed=6 cache_hits=0 invalidation_reason=initial
Workcell Studio scene metadata snapshot: scene_id=suction_test revision=17520042545062110127 files_parsed=6 cache_hits=0 invalidation_reason=initial
Workcell Studio scene metadata snapshot: scene_id=r20c_profile_gui_ready_20260916 revision=11633308221345599579 files_parsed=7 cache_hits=0 invalidation_reason=initial
Workcell Studio scene metadata snapshot: scene_id=ur5_3f_test revision=13592330833910139574 files_parsed=6 cache_hits=0 invalidation_reason=initial
Workcell Studio scene metadata snapshot: scene_id=r20c_home_ui_acceptance_20260916 revision=3503287282094591533 files_parsed=2 cache_hits=0 invalidation_reason=initial
Workcell Studio scene metadata snapshot: scene_id=ur3_suction_test revision=13860308955439559315 files_parsed=6 cache_hits=0 invalidation_reason=initial
Workcell Studio scene metadata snapshot: scene_id=ur10_2f_test revision=14483203540285933678 files_parsed=6 cache_hits=0 invalidation_reason=initial
Workcell Studio scene metadata snapshot: scene_id=ur5_2f_test revision=5836469134231258839 files_parsed=6 cache_hits=0 invalidation_reason=initial
Workcell Studio scene metadata snapshot: scene_id=ur5_2f_builder_pick_place_demo revision=12263282186013532098 files_parsed=7 cache_hits=0 invalidation_reason=initial
Workcell Studio scene metadata snapshot: scene_id=ur5_airpick4_test revision=8849064185769843600 files_parsed=6 cache_hits=0 invalidation_reason=initial
Home preview: scene=r20c_profile_gui_ready_20260916 source=canonical-product-view cache=miss revision=ac30d42d8d73cec5 state=generating
Workcell Studio scene metadata snapshot: scene_id=r20c_profile_gui_final_20260916 revision=16335648892668815527 files_parsed=7 cache_hits=0 invalidation_reason=initial
Asset thumbnail failed: asset=camera_stand.urdf reason=No suitable reader found for the file format of file "/home/user/workcell_ws/src/easy_manipulation_deployment/workcell_builder/workcell_builder/assets/environment/camera_stand_description/urdf/camera_stand.urdf.xacro".
Asset thumbnail failed: asset=onrobot_airpick4_description reason=No suitable reader found for the file format of file "/home/user/workcell_ws/src/easy_manipulation_deployment/workcell_builder/workcell_builder/assets/end_effectors/onrobot_airpick4/onrobot_airpick4_description/urdf/onrobot_airpick4_gripper_standalone.urdf.xacro".
Asset thumbnail failed: asset=robotiq_85_description reason=No suitable reader found for the file format of file "/home/user/workcell_ws/src/easy_manipulation_deployment/workcell_builder/workcell_builder/assets/end_effectors/robotiq_85_gripper/robotiq_85_description/urdf/robotiq_85_gripper.urdf.xacro".
Asset thumbnail failed: asset=robotiq_3f_gripper_description reason=No suitable reader found for the file format of file "/home/user/workcell_ws/src/easy_manipulation_deployment/workcell_builder/workcell_builder/assets/end_effectors/robotiq_3f_gripper/robotiq_3f_gripper_description/urdf/robotiq-3f-gripper_articulated.urdf.xacro".
Asset thumbnail failed: asset=single_suction_description reason=No suitable reader found for the file format of file "/home/user/workcell_ws/src/easy_manipulation_deployment/workcell_builder/workcell_builder/assets/end_effectors/single_suction_gripper/single_suction_description/urdf/single_suction_gripper.urdf.xacro".
Asset thumbnail failed: asset=single_suction_gripper.srdf reason=No suitable reader found for the file format of file "/home/user/workcell_ws/src/easy_manipulation_deployment/workcell_builder/workcell_builder/assets/end_effectors/single_suction_gripper/single_suction_moveit_config/config/single_suction_gripper.srdf.xacro".
Asset thumbnail failed: asset=bin_large.urdf reason=No suitable reader found for the file format of file "/home/user/workcell_ws/src/easy_manipulation_deployment/workcell_builder/workcell_builder/assets/environment/bin_large_description/urdf/bin_large.urdf.xacro".
Asset thumbnail failed: asset=bin_small.urdf reason=No suitable reader found for the file format of file "/home/user/workcell_ws/src/easy_manipulation_deployment/workcell_builder/workcell_builder/assets/environment/bin_small_description/urdf/bin_small.urdf.xacro".
Product View owned server bound: pid=42252 port=38497 session=d6519f8f-072c-43fd-bc6d-a0707912c98c root=/home/user/workcell_ws/src/easy_manipulation_deployment
Product View HTTP optional browser resource: path='/favicon.ico' status=404 detail='code 404, message File not found'

js: Product View authored_mesh: {"id":"support_surface_table","requested_mesh_uri":"build/workcell_studio_web_scene/assets/r20c_profile_gui_final_20260916/workbench_description/meshes/visual/table.stl","resolved_url":"http://127.0.0.1:38497/build/workcell_studio_web_scene/assets/r20c_profile_gui_final_20260916/workbench_description/meshes/visual/table.stl","loader":"STLLoader","http_load_success":true,"load_failure":"","mesh_object_created":true,"visual_root_attached":true,"parent_name":"support_surface_table_object_root","object_visible":true,"parent_visible":true,"local_position":[0,0,0],"local_quaternion":[0,0,0,1],"local_scale":[0.001,0.001,0.001],"world_position":[0.7106668243408203,-0.2,-0.0008999994993209839],"world_scale":[0.001,0.001,0.001],"finite_world_bounds":true,"bounds_min":[-0.09420011901855474,-0.4044000854492188,-0.9062377070188522],"bounds_max":[1.1142001190185546,0.409,0],"material_side":2,"child_renderable_count":1,"render_status":"mesh_loaded"}
js: Product View authored_mesh: {"id":"target_bin_default","requested_mesh_uri":"build/workcell_studio_web_scene/assets/r20c_profile_gui_final_20260916/sorting_bin_description/meshes/sorting_bin.stl","resolved_url":"http://127.0.0.1:38497/build/workcell_studio_web_scene/assets/r20c_profile_gui_final_20260916/sorting_bin_description/meshes/sorting_bin.stl","loader":"STLLoader","http_load_success":true,"load_failure":"","mesh_object_created":true,"visual_root_attached":true,"parent_name":"target_bin_default_object_root","object_visible":true,"parent_visible":true,"local_position":[-0.173899436593,0,-0.1],"local_quaternion":[0.5,0.4999999999999999,0.5,0.5000000000000001],"local_scale":[0.001,0.001,0.001],"world_position":[0.276100563407,0.22,0],"world_scale":[0.001,0.001,0.001],"finite_world_bounds":true,"bounds_min":[0.2738994365931114,0.11330644989013663,-1.1826377241704988e-18],"bounds_max":[0.626100563407,0.3266935501098633,0.2000000000000001],"material_side":2,"child_renderable_count":1,"render_status":"mesh_loaded"}
js: THREE.ColladaLoader: You are loading an asset with a Z-UP coordinate system. The loader just rotates the asset to transform it into Y-UP. The vertex data are not converted, see #24289.
