Running main() from /opt/ros/humble/src/gtest_vendor/src/gtest_main.cc
Note: Google Test filter = NewCellWizard.PagesScrollWithoutDisplacingNavigation
[==========] Running 1 test from 1 test suite.
[----------] Global test environment set-up.
[----------] 1 test from NewCellWizard
[ RUN      ] NewCellWizard.PagesScrollWithoutDisplacingNavigation
Warning: Ignoring XDG_SESSION_TYPE=wayland on Gnome. Use QT_QPA_PLATFORM=wayland to run on Wayland anyway.
[ERROR] [1789583600.052751060] [workcell_builder]: package 'workcell_builder' not found, searching: [/opt/ros/humble]
This plugin does not support propagateSizeHints()
/home/user/workcell_ws/src/easy_manipulation_deployment/workcell_builder/workcell_builder/test/new_cell_wizard_test.cpp:244: Failure
Expected: (wizard.height()) <= (600), actual: 1384 vs 600
/home/user/workcell_ws/src/easy_manipulation_deployment/workcell_builder/workcell_builder/test/new_cell_wizard_test.cpp:245: Failure
Expected: (wizard.frameGeometry().height()) <= (wizard.screen()->availableGeometry().height()), actual: 1388 vs 600
/home/user/workcell_ws/src/easy_manipulation_deployment/workcell_builder/workcell_builder/test/new_cell_wizard_test.cpp:251: Failure
Expected: (wizard.height()) <= (600), actual: 1384 vs 600
Google Test trace:
/home/user/workcell_ws/src/easy_manipulation_deployment/workcell_builder/workcell_builder/test/new_cell_wizard_test.cpp:250: 0
/home/user/workcell_ws/src/easy_manipulation_deployment/workcell_builder/workcell_builder/test/new_cell_wizard_test.cpp:252: Failure
Expected: (scroll) != (nullptr), actual: NULL vs (nullptr)
Google Test trace:
/home/user/workcell_ws/src/easy_manipulation_deployment/workcell_builder/workcell_builder/test/new_cell_wizard_test.cpp:250: 0
[  FAILED  ] NewCellWizard.PagesScrollWithoutDisplacingNavigation (83 ms)
[----------] 1 test from NewCellWizard (84 ms total)

[----------] Global test environment tear-down
[==========] 1 test from 1 test suite ran. (84 ms total)
[  PASSED  ] 0 tests.
[  FAILED  ] 1 test, listed below:
[  FAILED  ] NewCellWizard.PagesScrollWithoutDisplacingNavigation

 1 FAILED TEST
