FFF                                                                      [100%]
=================================== FAILURES ===================================
___________ test_owner_registration_protects_only_its_exported_hook ____________

    def test_owner_registration_protects_only_its_exported_hook():
        original='physics implementation unchanged\nIGNITION_ADD_PLUGIN(WorkcellOwnerPhysics, System)\n'
>       fixed=api.protect_owner_registration(original)
E       AttributeError: module 'owner_prepare' has no attribute 'protect_owner_registration'

tests/test_stage_a_owner_registration.py:12: AttributeError
__ test_missing_or_duplicate_owner_registration_fails_closed[no registration] __

source = 'no registration'

    @pytest.mark.parametrize('source',['no registration','IGNITION_ADD_PLUGIN(WorkcellOwnerPhysics, X)\n'*2])
    def test_missing_or_duplicate_owner_registration_fails_closed(source):
>       with pytest.raises(ValueError):api.protect_owner_registration(source)
E       AttributeError: module 'owner_prepare' has no attribute 'protect_owner_registration'

tests/test_stage_a_owner_registration.py:20: AttributeError
_ test_missing_or_duplicate_owner_registration_fails_closed[IGNITION_ADD_PLUGIN(WorkcellOwnerPhysics, X)\nIGNITION_ADD_PLUGIN(WorkcellOwnerPhysics, X)\n] _

source = 'IGNITION_ADD_PLUGIN(WorkcellOwnerPhysics, X)\nIGNITION_ADD_PLUGIN(WorkcellOwnerPhysics, X)\n'

    @pytest.mark.parametrize('source',['no registration','IGNITION_ADD_PLUGIN(WorkcellOwnerPhysics, X)\n'*2])
    def test_missing_or_duplicate_owner_registration_fails_closed(source):
>       with pytest.raises(ValueError):api.protect_owner_registration(source)
E       AttributeError: module 'owner_prepare' has no attribute 'protect_owner_registration'

tests/test_stage_a_owner_registration.py:20: AttributeError
=========================== short test summary info ============================
FAILED tests/test_stage_a_owner_registration.py::test_owner_registration_protects_only_its_exported_hook
FAILED tests/test_stage_a_owner_registration.py::test_missing_or_duplicate_owner_registration_fails_closed[no registration]
FAILED tests/test_stage_a_owner_registration.py::test_missing_or_duplicate_owner_registration_fails_closed[IGNITION_ADD_PLUGIN(WorkcellOwnerPhysics, X)\nIGNITION_ADD_PLUGIN(WorkcellOwnerPhysics, X)\n]
3 failed in 0.11s
